file-readSTAR,[subpath(/private/var/mobile/Library/Carrier Bundles/Overlay/)]
file-readSTAR,[literal(/private/var/mobile/Library/Preferences/com.apple.carrier.plist)]
file-readSTAR,[literal(/private/var/mobile/Library/Preferences/.GlobalPreferences.plist)]
file-readSTAR,[require-not(literal(/private/var/mobile/Library/Preferences/com.apple.apsalerts.plist)),subpath(/private/var/mobile/Library/Carrier Bundles/Overlay/)]
file-readSTAR,[require-not(literal(/private/var/mobile/Library/Preferences/com.apple.apsalerts.plist)),literal(/private/var/mobile/Library/Preferences/com.apple.carrier.plist)]
file-readSTAR,[require-not(literal(/private/var/mobile/Library/Preferences/com.apple.apsalerts.plist)),literal(/private/var/mobile/Media/com.apple.itunes.lock_sync)]
file-readSTAR,[require-not(literal(/private/var/mobile/Library/Preferences/com.apple.apsalerts.plist)),subpath(/private/var/mobile/Media/iTunes_Control/Artwork/)]
file-readSTAR,[require-not(literal(/private/var/mobile/Library/Preferences/com.apple.apsalerts.plist)),subpath(/private/var/mobile/Media/iTunes_Control/iTunes/)]
file-readSTAR,[require-not(literal(/private/var/mobile/Library/Preferences/com.apple.apsalerts.plist)),require-not(literal(/private/var/mobile/Library/Caches/GeoServices/tguid.bin)),literal(/private/var/mobile/Library/Preferences/.GlobalPreferences.plist)]
file-readSTAR,[require-not(literal(/private/var/mobile/Library/Preferences/com.apple.apsalerts.plist)),require-not(literal(/private/var/mobile/Library/Caches/GeoServices/tguid.bin)),subpath(/private/var/mobile/Library/Caches/com.apple.UIStatusBar/)]
file-readSTAR,[require-not(literal(/private/var/mobile/Library/Preferences/com.apple.apsalerts.plist)),require-not(literal(/private/var/mobile/Library/Caches/GeoServices/tguid.bin)),subpath(/private/var/mobile/Library/Caches/com.apple.IconsCache/)]
file-readSTAR,[require-not(literal(/private/var/mobile/Library/Preferences/com.apple.apsalerts.plist)),require-not(literal(/private/var/mobile/Library/Caches/GeoServices/tguid.bin)),subpath(/private/var/mobile/Library/Fonts/)]
file-readSTAR,[require-not(literal(/private/var/mobile/Library/Preferences/com.apple.apsalerts.plist)),require-not(literal(/private/var/mobile/Library/Caches/GeoServices/tguid.bin)),subpath(/private/var/mobile/Library/Caches/com.apple.keyboards/)]
file-readSTAR,[require-not(literal(/private/var/mobile/Library/Preferences/com.apple.apsalerts.plist)),require-not(literal(/private/var/mobile/Library/Caches/GeoServices/tguid.bin)),literal(/private/var/mobile/Library/Keyboard/LocalDictionary)]
file-readSTAR,[require-not(literal(/private/var/mobile/Library/Preferences/com.apple.apsalerts.plist)),require-not(literal(/private/var/mobile/Library/Caches/GeoServices/tguid.bin)),subpath(/private/var/mobile/Library/VoiceServices/Assets/)]
file-readSTAR,[require-not(literal(/private/var/mobile/Library/Preferences/com.apple.apsalerts.plist)),require-not(literal(/private/var/mobile/Library/Caches/GeoServices/tguid.bin)),subpath(/private/var/mobile/Library/Assets/com_apple_MobileAsset_VoiceServicesVocalizerVoice/)]
file-readSTAR,[require-not(literal(/private/var/mobile/Library/Preferences/com.apple.apsalerts.plist)),require-not(literal(/private/var/mobile/Library/Caches/GeoServices/tguid.bin)),literal(/private/var/mobile/Library/Caches/com.apple.itunesstored/url-resolution.plist)]
file-readSTAR,[require-not(literal(/private/var/mobile/Library/Preferences/com.apple.apsalerts.plist)),require-not(literal(/private/var/mobile/Library/Caches/GeoServices/tguid.bin)),literal(/private/var/mobile/Media/com.apple.itunes.lock_sync)]
file-readSTAR,[require-not(literal(/private/var/mobile/Library/Preferences/com.apple.apsalerts.plist)),require-not(literal(/private/var/mobile/Library/Caches/GeoServices/tguid.bin)),literal(/private/var/mobile/Media/Vibrations/UserGeneratedVibrationPatterns.plist)]
file-readSTAR,[require-not(literal(/private/var/mobile/Library/Preferences/com.apple.apsalerts.plist)),require-not(literal(/private/var/mobile/Library/Caches/GeoServices/tguid.bin)),literal(/private/var/mobile/Library/Caches/Checkpoint.plist)]
file-readSTAR,[require-not(literal(/private/var/mobile/Library/Preferences/com.apple.apsalerts.plist)),require-not(literal(/private/var/mobile/Library/Caches/GeoServices/tguid.bin)),subpath(/private/var/mobile/Library/Caches/GeoServices/)]
file-readSTAR,[require-not(literal(/private/var/mobile/Library/Preferences/com.apple.apsalerts.plist)),require-not(literal(/private/var/mobile/Library/Caches/GeoServices/tguid.bin)),literal(/private/var/mobile/Library/Caches/DateFormats.plist)]
file-readSTAR,[require-not(literal(/private/var/mobile/Library/Preferences/com.apple.apsalerts.plist)),require-not(literal(/private/var/mobile/Library/Caches/GeoServices/tguid.bin)),subpath(/private/var/mobile/Library/Dictionaries/)]
file-readSTAR,[require-not(literal(/private/var/mobile/Library/Preferences/com.apple.apsalerts.plist)),require-not(literal(/private/var/mobile/Library/Caches/GeoServices/tguid.bin)),require-not(subpath(/private/var/mobile/Library/FairPlay/)),require-not(literal(/usr/sbin/fairplayd)),require-not(subpath(/private/var/mobile/Media/)),subpath(/private/var/mobile/Library/ConfigurationProfiles/PublicInfo/)]
file-readSTAR,[require-not(literal(/private/var/mobile/Library/Preferences/com.apple.apsalerts.plist)),require-not(literal(/private/var/mobile/Library/Caches/GeoServices/tguid.bin)),require-not(subpath(/private/var/mobile/Library/FairPlay/)),require-not(literal(/usr/sbin/fairplayd)),require-not(subpath(/private/var/mobile/Media/)),literal(/private/var/mobile/Library/Caches/com.apple.MobileGestalt.plist)]
file-read-metadata,[subpath(/private/var/mobile/Library/Carrier Bundles/)]
file-read-metadata,[literal(/private/var/mobile/Library)]
file-read-metadata,[literal(/private/var/mobile/Library/Mobile Documents)]
file-read-metadata,[literal(/private/var/mobile/Library/Preferences)]
file-read-metadata,[literal(/private/var/mobile/Library/DeviceRegistry)]
file-read-metadata,[literal(/private/var/mobile/Library/Caches/powerlog.launchd)]
file-read-metadata,[vnode-type(directory)]
file-read-metadata,[vnode-type(symlink)]
file-read-metadata,[literal(/private/var/mobile/Library/GameKit/Data)]
file-read-metadata,[literal(/private/var/mobile/Library/Caches/com.apple.DictionaryServices)]
file-read-metadata,[literal(/private/var/mobile/Library/PPTDevice)]
file-read-metadata,[literal(/private/var/mobile/Media)]
file-read-metadata,[vnode-type(directory),literal(/private/var/mobile/Library/DeviceRegistry)]
file-read-metadata,[vnode-type(directory),literal(/private/var/mobile/Library/Caches/com.apple.DictionaryServices)]
