file-readSTAR,[subpath(/private/var/mobile/Library/Carrier Bundles/Overlay/)]
file-readSTAR,[regex(^/System/Library/Carrier Bundles//carrier[.]plist$ / i)]
file-readSTAR,[regex(^/System/Library/Carrier Bundles/.+/carrier[.]plist$ / i)]
file-readSTAR,[regex(^/private/var/mobile/Library/Carrier Bundles//carrier[.]plist$ / i)]
file-readSTAR,[regex(^/private/var/mobile/Library/Carrier Bundles/.+/carrier[.]plist$ / i)]
file-readSTAR,[literal(/private/var/mobile/Library/Preferences/com.apple.carrier.plist)]
file-readSTAR,[regex(^/System/Library/Carrier Bundles/[.]png$ / i)]
file-readSTAR,[regex(^/System/Library/Carrier Bundles/.+[.]png$ / i)]
file-readSTAR,[regex(^/private/var/mobile/Library/Carrier Bundles/[.]png$ / i)]
file-readSTAR,[regex(^/private/var/mobile/Library/Carrier Bundles/.+[.]png$ / i)]
file-readSTAR,[regex(^/private/var/Managed Preferences/mobile/com[.]apple[.].+[.]plist$ / i)]
file-readSTAR,[literal(/private/var/Managed Preferences/mobile/.GlobalPreferences.plist)]
file-readSTAR,[literal(/private/var/mobile/Library/Preferences/.GlobalPreferences.plist)]
file-readSTAR,[subpath(/System/Library/)]
file-readSTAR,[subpath(/usr/lib/)]
file-readSTAR,[subpath(/usr/share/)]
file-readSTAR,[subpath(/private/var/db/timezone/)]
file-readSTAR,[literal(/private/var/preferences/com.apple.security.plist)]
file-readSTAR,[literal(/private/var/preferences/com.apple.NetworkStatistics.plist)]
file-readSTAR,[literal(/private/var/preferences/com.apple.networkd.plist)]
file-readSTAR,[require-not(literal(/private/var/mobile/Library/Preferences/com.apple.apsalerts.plist)),subpath(/AppleInternal/)]
file-readSTAR,[require-not(literal(/private/var/mobile/Library/Preferences/com.apple.apsalerts.plist)),subpath(/Applications/)]
file-readSTAR,[require-not(literal(/private/var/mobile/Library/Preferences/com.apple.apsalerts.plist)),regex(^/private/var/Managed Preferences/mobile/com[.]apple[.].+[.]plist$ / i)]
file-readSTAR,[require-not(literal(/private/var/mobile/Library/Preferences/com.apple.apsalerts.plist)),subpath(/private/var/mobile/Library/Carrier Bundles/Overlay/)]
file-readSTAR,[require-not(literal(/private/var/mobile/Library/Preferences/com.apple.apsalerts.plist)),regex(^/System/Library/Carrier Bundles//carrier[.]plist$ / i)]
file-readSTAR,[require-not(literal(/private/var/mobile/Library/Preferences/com.apple.apsalerts.plist)),regex(^/System/Library/Carrier Bundles/.+/carrier[.]plist$ / i)]
file-readSTAR,[require-not(literal(/private/var/mobile/Library/Preferences/com.apple.apsalerts.plist)),regex(^/private/var/mobile/Library/Carrier Bundles//carrier[.]plist$ / i)]
file-readSTAR,[require-not(literal(/private/var/mobile/Library/Preferences/com.apple.apsalerts.plist)),regex(^/private/var/mobile/Library/Carrier Bundles/.+/carrier[.]plist$ / i)]
file-readSTAR,[require-not(literal(/private/var/mobile/Library/Preferences/com.apple.apsalerts.plist)),literal(/private/var/mobile/Library/Preferences/com.apple.carrier.plist)]
file-readSTAR,[require-not(literal(/private/var/mobile/Library/Preferences/com.apple.apsalerts.plist)),regex(^/System/Library/Carrier Bundles/[.]png$ / i)]
file-readSTAR,[require-not(literal(/private/var/mobile/Library/Preferences/com.apple.apsalerts.plist)),regex(^/System/Library/Carrier Bundles/.+[.]png$ / i)]
file-readSTAR,[require-not(literal(/private/var/mobile/Library/Preferences/com.apple.apsalerts.plist)),regex(^/private/var/mobile/Library/Carrier Bundles/[.]png$ / i)]
file-readSTAR,[require-not(literal(/private/var/mobile/Library/Preferences/com.apple.apsalerts.plist)),regex(^/private/var/mobile/Library/Carrier Bundles/.+[.]png$ / i)]
file-readSTAR,[require-not(literal(/private/var/mobile/Library/Preferences/com.apple.apsalerts.plist)),literal(/private/var/mobile/Media/com.apple.itunes.lock_sync)]
file-readSTAR,[require-not(literal(/private/var/mobile/Library/Preferences/com.apple.apsalerts.plist)),subpath(/private/var/mobile/Media/iTunes_Control/Artwork/)]
file-readSTAR,[require-not(literal(/private/var/mobile/Library/Preferences/com.apple.apsalerts.plist)),subpath(/private/var/mobile/Media/iTunes_Control/iTunes/)]
file-readSTAR,[require-not(literal(/private/var/mobile/Library/Preferences/com.apple.apsalerts.plist)),require-not(literal(/private/var/mobile/Library/Caches/GeoServices/tguid.bin)),regex(^/private/var/mobile/Library/GameKit/Data/[^/]+[.]gcdata$ / i)]
file-readSTAR,[require-not(literal(/private/var/mobile/Library/Preferences/com.apple.apsalerts.plist)),require-not(literal(/private/var/mobile/Library/Caches/GeoServices/tguid.bin)),literal(/private/var/preferences/SystemConfiguration/com.apple.radios.plist)]
file-readSTAR,[require-not(literal(/private/var/mobile/Library/Preferences/com.apple.apsalerts.plist)),require-not(literal(/private/var/mobile/Library/Caches/GeoServices/tguid.bin)),literal(/private/var/mobile/Library/Preferences/.GlobalPreferences.plist)]
file-readSTAR,[require-not(literal(/private/var/mobile/Library/Preferences/com.apple.apsalerts.plist)),require-not(literal(/private/var/mobile/Library/Caches/GeoServices/tguid.bin)),subpath(/private/var/mobile/Library/Caches/com.apple.UIStatusBar/)]
file-readSTAR,[require-not(literal(/private/var/mobile/Library/Preferences/com.apple.apsalerts.plist)),require-not(literal(/private/var/mobile/Library/Caches/GeoServices/tguid.bin)),subpath(/private/var/mobile/Library/Caches/com.apple.IconsCache/)]
file-readSTAR,[require-not(literal(/private/var/mobile/Library/Preferences/com.apple.apsalerts.plist)),require-not(literal(/private/var/mobile/Library/Caches/GeoServices/tguid.bin)),literal(/private/var/preferences/SystemConfiguration/com.apple.sinaweibo.plist)]
file-readSTAR,[require-not(literal(/private/var/mobile/Library/Preferences/com.apple.apsalerts.plist)),require-not(literal(/private/var/mobile/Library/Caches/GeoServices/tguid.bin)),literal(/private/var/preferences/SystemConfiguration/com.apple.twitter.plist)]
file-readSTAR,[require-not(literal(/private/var/mobile/Library/Preferences/com.apple.apsalerts.plist)),require-not(literal(/private/var/mobile/Library/Caches/GeoServices/tguid.bin)),literal(/private/var/preferences/SystemConfiguration/com.apple.facebook.plist)]
file-readSTAR,[require-not(literal(/private/var/mobile/Library/Preferences/com.apple.apsalerts.plist)),require-not(literal(/private/var/mobile/Library/Caches/GeoServices/tguid.bin)),literal(/private/var/preferences/SystemConfiguration/com.apple.linkedin.plist)]
file-readSTAR,[require-not(literal(/private/var/mobile/Library/Preferences/com.apple.apsalerts.plist)),require-not(literal(/private/var/mobile/Library/Caches/GeoServices/tguid.bin)),literal(/private/var/preferences/SystemConfiguration/com.apple.accounts.exists.plist)]
file-readSTAR,[require-not(literal(/private/var/mobile/Library/Preferences/com.apple.apsalerts.plist)),require-not(literal(/private/var/mobile/Library/Caches/GeoServices/tguid.bin)),subpath(/private/var/mobile/Library/Fonts/)]
file-readSTAR,[require-not(literal(/private/var/mobile/Library/Preferences/com.apple.apsalerts.plist)),require-not(literal(/private/var/mobile/Library/Caches/GeoServices/tguid.bin)),regex(^/private/var/mobile/Library/DeviceRegistry/[-0-9A-Z]+/NanoPreferencesSync/NanoDomains/[.]GlobalPreferences$ / i)]
file-readSTAR,[require-not(literal(/private/var/mobile/Library/Preferences/com.apple.apsalerts.plist)),require-not(literal(/private/var/mobile/Library/Caches/GeoServices/tguid.bin)),literal(/com.apple.xpc.launchd.bootstrap.plist)]
file-readSTAR,[require-not(literal(/private/var/mobile/Library/Preferences/com.apple.apsalerts.plist)),require-not(literal(/private/var/mobile/Library/Caches/GeoServices/tguid.bin)),subpath(/private/var/mobile/Library/Caches/com.apple.keyboards/)]
file-readSTAR,[require-not(literal(/private/var/mobile/Library/Preferences/com.apple.apsalerts.plist)),require-not(literal(/private/var/mobile/Library/Caches/GeoServices/tguid.bin)),literal(/private/var/mobile/Library/Keyboard/LocalDictionary)]
file-readSTAR,[require-not(literal(/private/var/mobile/Library/Preferences/com.apple.apsalerts.plist)),require-not(literal(/private/var/mobile/Library/Caches/GeoServices/tguid.bin)),subpath(/private/var/mobile/Library/VoiceServices/Assets/)]
file-readSTAR,[require-not(literal(/private/var/mobile/Library/Preferences/com.apple.apsalerts.plist)),require-not(literal(/private/var/mobile/Library/Caches/GeoServices/tguid.bin)),subpath(/private/var/mobile/Library/Assets/com_apple_MobileAsset_VoiceServicesVocalizerVoice/)]
file-readSTAR,[require-not(literal(/private/var/mobile/Library/Preferences/com.apple.apsalerts.plist)),require-not(literal(/private/var/mobile/Library/Caches/GeoServices/tguid.bin)),literal(/private/var/mobile/Library/Caches/com.apple.itunesstored/url-resolution.plist)]
file-readSTAR,[require-not(literal(/private/var/mobile/Library/Preferences/com.apple.apsalerts.plist)),require-not(literal(/private/var/mobile/Library/Caches/GeoServices/tguid.bin)),literal(/private/var/mobile/Media/com.apple.itunes.lock_sync)]
file-readSTAR,[require-not(literal(/private/var/mobile/Library/Preferences/com.apple.apsalerts.plist)),require-not(literal(/private/var/mobile/Library/Caches/GeoServices/tguid.bin)),literal(/private/var/mobile/Media/Vibrations/UserGeneratedVibrationPatterns.plist)]
file-readSTAR,[require-not(literal(/private/var/mobile/Library/Preferences/com.apple.apsalerts.plist)),require-not(literal(/private/var/mobile/Library/Caches/GeoServices/tguid.bin)),subpath(/Library/Ringtones/)]
file-readSTAR,[require-not(literal(/private/var/mobile/Library/Preferences/com.apple.apsalerts.plist)),require-not(literal(/private/var/mobile/Library/Caches/GeoServices/tguid.bin)),regex(^/private/var/mobile/Library/DeviceRegistry/[-0-9A-Z]+/NanoPreferencesSync/NanoDomains/com[.]apple[.]ToneLibrary$ / i)]
file-readSTAR,[require-not(literal(/private/var/mobile/Library/Preferences/com.apple.apsalerts.plist)),require-not(literal(/private/var/mobile/Library/Caches/GeoServices/tguid.bin)),literal(/private/var/mobile/Library/Caches/Checkpoint.plist)]
file-readSTAR,[require-not(literal(/private/var/mobile/Library/Preferences/com.apple.apsalerts.plist)),require-not(literal(/private/var/mobile/Library/Caches/GeoServices/tguid.bin)),regex(^/private/var/Managed Preferences/mobile/com[.]apple[.].+[.]plist$ / i)]
file-readSTAR,[require-not(literal(/private/var/mobile/Library/Preferences/com.apple.apsalerts.plist)),require-not(literal(/private/var/mobile/Library/Caches/GeoServices/tguid.bin)),regex(^/private/var/mobile/Library/DeviceRegistry/[-0-9A-Z]+/GeoServices$ / i)]
file-readSTAR,[require-not(literal(/private/var/mobile/Library/Preferences/com.apple.apsalerts.plist)),require-not(literal(/private/var/mobile/Library/Caches/GeoServices/tguid.bin)),regex(^/private/var/mobile/Library/DeviceRegistry/[-0-9A-Z]+/GeoServices/ / i)]
file-readSTAR,[require-not(literal(/private/var/mobile/Library/Preferences/com.apple.apsalerts.plist)),require-not(literal(/private/var/mobile/Library/Caches/GeoServices/tguid.bin)),subpath(/private/var/mobile/Library/Caches/GeoServices/)]
file-readSTAR,[require-not(literal(/private/var/mobile/Library/Preferences/com.apple.apsalerts.plist)),require-not(literal(/private/var/mobile/Library/Caches/GeoServices/tguid.bin)),literal(/private/var/mobile/Library/Caches/DateFormats.plist)]
file-readSTAR,[require-not(literal(/private/var/mobile/Library/Preferences/com.apple.apsalerts.plist)),require-not(literal(/private/var/mobile/Library/Caches/GeoServices/tguid.bin)),subpath(/Library/Dictionaries/)]
file-readSTAR,[require-not(literal(/private/var/mobile/Library/Preferences/com.apple.apsalerts.plist)),require-not(literal(/private/var/mobile/Library/Caches/GeoServices/tguid.bin)),subpath(/private/var/mobile/Library/Dictionaries/)]
file-readSTAR,[require-not(literal(/private/var/mobile/Library/Preferences/com.apple.apsalerts.plist)),require-not(literal(/private/var/mobile/Library/Caches/GeoServices/tguid.bin)),literal(/private/var/preferences/com.apple.security.plist)]
file-readSTAR,[require-not(literal(/private/var/mobile/Library/Preferences/com.apple.apsalerts.plist)),require-not(literal(/private/var/mobile/Library/Caches/GeoServices/tguid.bin)),literal(/private/var/preferences/com.apple.NetworkStatistics.plist)]
file-readSTAR,[require-not(literal(/private/var/mobile/Library/Preferences/com.apple.apsalerts.plist)),require-not(literal(/private/var/mobile/Library/Caches/GeoServices/tguid.bin)),literal(/private/var/preferences/com.apple.networkd.plist)]
file-readSTAR,[require-not(literal(/private/var/mobile/Library/Preferences/com.apple.apsalerts.plist)),require-not(literal(/private/var/mobile/Library/Caches/GeoServices/tguid.bin)),require-not(subpath(/private/var/mobile/Library/FairPlay/)),require-not(literal(/usr/sbin/fairplayd)),require-not(subpath(/private/var/mobile/Media/)),literal(/dev/aes_0)]
file-readSTAR,[require-not(literal(/private/var/mobile/Library/Preferences/com.apple.apsalerts.plist)),require-not(literal(/private/var/mobile/Library/Caches/GeoServices/tguid.bin)),require-not(subpath(/private/var/mobile/Library/FairPlay/)),require-not(literal(/usr/sbin/fairplayd)),require-not(subpath(/private/var/mobile/Media/)),literal(/dev/random)]
file-readSTAR,[require-not(literal(/private/var/mobile/Library/Preferences/com.apple.apsalerts.plist)),require-not(literal(/private/var/mobile/Library/Caches/GeoServices/tguid.bin)),require-not(subpath(/private/var/mobile/Library/FairPlay/)),require-not(literal(/usr/sbin/fairplayd)),require-not(subpath(/private/var/mobile/Media/)),literal(/dev/urandom)]
file-readSTAR,[require-not(literal(/private/var/mobile/Library/Preferences/com.apple.apsalerts.plist)),require-not(literal(/private/var/mobile/Library/Caches/GeoServices/tguid.bin)),require-not(subpath(/private/var/mobile/Library/FairPlay/)),require-not(literal(/usr/sbin/fairplayd)),require-not(subpath(/private/var/mobile/Media/)),literal(/dev/dtracehelper)]
file-readSTAR,[require-not(literal(/private/var/mobile/Library/Preferences/com.apple.apsalerts.plist)),require-not(literal(/private/var/mobile/Library/Caches/GeoServices/tguid.bin)),require-not(subpath(/private/var/mobile/Library/FairPlay/)),require-not(literal(/usr/sbin/fairplayd)),require-not(subpath(/private/var/mobile/Media/)),literal(/dev/null)]
file-readSTAR,[require-not(literal(/private/var/mobile/Library/Preferences/com.apple.apsalerts.plist)),require-not(literal(/private/var/mobile/Library/Caches/GeoServices/tguid.bin)),require-not(subpath(/private/var/mobile/Library/FairPlay/)),require-not(literal(/usr/sbin/fairplayd)),require-not(subpath(/private/var/mobile/Media/)),literal(/dev/zero)]
file-readSTAR,[require-not(literal(/private/var/mobile/Library/Preferences/com.apple.apsalerts.plist)),require-not(literal(/private/var/mobile/Library/Caches/GeoServices/tguid.bin)),require-not(subpath(/private/var/mobile/Library/FairPlay/)),require-not(literal(/usr/sbin/fairplayd)),require-not(subpath(/private/var/mobile/Media/)),subpath(/private/var/mobile/Library/ConfigurationProfiles/PublicInfo/)]
file-readSTAR,[require-not(literal(/private/var/mobile/Library/Preferences/com.apple.apsalerts.plist)),require-not(literal(/private/var/mobile/Library/Caches/GeoServices/tguid.bin)),require-not(subpath(/private/var/mobile/Library/FairPlay/)),require-not(literal(/usr/sbin/fairplayd)),require-not(subpath(/private/var/mobile/Media/)),literal(/private/var/mobile/Library/Caches/com.apple.MobileGestalt.plist)]
file-readSTAR,[require-not(literal(/private/var/mobile/Library/Preferences/com.apple.apsalerts.plist)),require-not(literal(/private/var/mobile/Library/Caches/GeoServices/tguid.bin)),require-not(subpath(/private/var/mobile/Library/FairPlay/)),require-not(literal(/usr/sbin/fairplayd)),require-not(subpath(/private/var/mobile/Media/)),literal(/dev/ptmx)]
file-readSTAR,[require-not(literal(/private/var/mobile/Library/Preferences/com.apple.apsalerts.plist)),require-not(literal(/private/var/mobile/Library/Caches/GeoServices/tguid.bin)),require-not(subpath(/private/var/mobile/Library/FairPlay/)),require-not(literal(/usr/sbin/fairplayd)),require-not(subpath(/private/var/mobile/Media/)),vnode-type(tty),regex(^/dev/ttyp[0-9a-f]$ / i)]
file-readSTAR,[require-not(literal(/private/var/mobile/Library/Preferences/com.apple.apsalerts.plist)),require-not(literal(/private/var/mobile/Library/Caches/GeoServices/tguid.bin)),require-not(subpath(/private/var/mobile/Library/FairPlay/)),require-not(literal(/usr/sbin/fairplayd)),require-not(subpath(/private/var/mobile/Media/)),vnode-type(tty),regex(^/dev/ptyp[0-9a-f]$ / i)]
file-readSTAR,[require-not(literal(/private/var/mobile/Library/Preferences/com.apple.apsalerts.plist)),require-not(literal(/private/var/mobile/Library/Caches/GeoServices/tguid.bin)),require-not(subpath(/private/var/mobile/Library/FairPlay/)),require-not(literal(/usr/sbin/fairplayd)),require-not(subpath(/private/var/mobile/Media/)),require-not(vnode-type(block-device)),require-not(vnode-type(character-device)),literal(/private/etc/protocols)]
file-readSTAR,[require-not(literal(/private/var/mobile/Library/Preferences/com.apple.apsalerts.plist)),require-not(literal(/private/var/mobile/Library/Caches/GeoServices/tguid.bin)),require-not(subpath(/private/var/mobile/Library/FairPlay/)),require-not(literal(/usr/sbin/fairplayd)),require-not(subpath(/private/var/mobile/Media/)),require-not(vnode-type(block-device)),require-not(vnode-type(character-device)),literal(/private/etc/services)]
file-readSTAR,[require-not(literal(/private/var/mobile/Library/Preferences/com.apple.apsalerts.plist)),require-not(literal(/private/var/mobile/Library/Caches/GeoServices/tguid.bin)),require-not(subpath(/private/var/mobile/Library/FairPlay/)),require-not(literal(/usr/sbin/fairplayd)),require-not(subpath(/private/var/mobile/Media/)),require-not(vnode-type(block-device)),require-not(vnode-type(character-device)),literal(/)]
file-readSTAR,[require-not(literal(/private/var/mobile/Library/Preferences/com.apple.apsalerts.plist)),require-not(literal(/private/var/mobile/Library/Caches/GeoServices/tguid.bin)),require-not(subpath(/private/var/mobile/Library/FairPlay/)),require-not(literal(/usr/sbin/fairplayd)),require-not(subpath(/private/var/mobile/Media/)),require-not(vnode-type(block-device)),require-not(vnode-type(character-device)),literal(/private/etc/hosts)]
file-readSTAR,[require-not(literal(/private/var/mobile/Library/Preferences/com.apple.apsalerts.plist)),require-not(literal(/private/var/mobile/Library/Caches/GeoServices/tguid.bin)),require-not(subpath(/private/var/mobile/Library/FairPlay/)),require-not(literal(/usr/sbin/fairplayd)),require-not(subpath(/private/var/mobile/Media/)),require-not(vnode-type(block-device)),require-not(vnode-type(character-device)),literal(/private/etc/group)]
file-readSTAR,[require-not(literal(/private/var/mobile/Library/Preferences/com.apple.apsalerts.plist)),require-not(literal(/private/var/mobile/Library/Caches/GeoServices/tguid.bin)),require-not(subpath(/private/var/mobile/Library/FairPlay/)),require-not(literal(/usr/sbin/fairplayd)),require-not(subpath(/private/var/mobile/Media/)),require-not(vnode-type(block-device)),require-not(vnode-type(character-device)),literal(/private/etc/passwd)]
file-readSTAR,[subpath(/Developer/),require-not(require-entitlement(platform-application))]
file-read-data,[regex(^/private/var/ea/ea[.0-9]+$ / i)]
file-read-metadata,[subpath(/private/var/mobile/Library/Carrier Bundles/)]
file-read-metadata,[literal(/private/var/mobile/Library)]
file-read-metadata,[literal(/private/var/mobile/Library/Mobile Documents)]
file-read-metadata,[literal(/private/var/mobile)]
file-read-metadata,[literal(/private/var/mobile/Library/Preferences)]
file-read-metadata,[literal(/private/var/mobile/Library/DeviceRegistry)]
file-read-metadata,[regex(^/private/var/mobile/Library/DeviceRegistry/[-0-9A-Z]+$ / i)]
file-read-metadata,[literal(/private/var/mobile/Library/Caches/powerlog.launchd)]
file-read-metadata,[vnode-type(directory)]
file-read-metadata,[vnode-type(symlink)]
file-read-metadata,[literal(/private/var)]
file-read-metadata,[literal(/private/var/mobile/Library/GameKit/Data)]
file-read-metadata,[literal(/private/var/run/printd)]
file-read-metadata,[literal(/private/var/mobile/Library/Caches/com.apple.DictionaryServices)]
file-read-metadata,[literal(/private/var/mobile/Library/PPTDevice)]
file-read-metadata,[literal(/private/var/mobile/Media)]
file-read-metadata,[literal(/private/var/run/syslog)]
file-read-metadata,[vnode-type(directory),literal(/private/var/mobile/Library/DeviceRegistry)]
file-read-metadata,[vnode-type(directory),regex(^/private/var/mobile/Library/DeviceRegistry/[-0-9A-Z]+$ / i)]
file-read-metadata,[vnode-type(directory),literal(/private/var/mobile/Library/Caches/com.apple.DictionaryServices)]
